{
  "version": "1.5.0",
  "plugins_used": [
    {
      "name": "ArtifactoryDetector"
    },
    {
      "name": "AWSKeyDetector"
    },
    {
      "name": "AzureStorageKeyDetector"
    },
    {
      "name": "Base64HighEntropyString",
      "limit": 4.5
    },
    {
      "name": "BasicAuthDetector"
    },
    {
      "name": "CloudantDetector"
    },
    {
      "name": "DiscordBotTokenDetector"
    },
    {
      "name": "GitHubTokenDetector"
    },
    {
      "name": "GitLabTokenDetector"
    },
    {
      "name": "HexHighEntropyString",
      "limit": 3.0
    },
    {
      "name": "IbmCloudIamDetector"
    },
    {
      "name": "IbmCosHmacDetector"
    },
    {
      "name": "IPPublicDetector"
    },
    {
      "name": "JwtTokenDetector"
    },
    {
      "name": "KeywordDetector",
      "keyword_exclude": ""
    },
    {
      "name": "MailchimpDetector"
    },
    {
      "name": "NpmDetector"
    },
    {
      "name": "OpenAIDetector"
    },
    {
      "name": "PrivateKeyDetector"
    },
    {
      "name": "PypiTokenDetector"
    },
    {
      "name": "SendGridDetector"
    },
    {
      "name": "SlackDetector"
    },
    {
      "name": "SoftlayerDetector"
    },
    {
      "name": "SquareOAuthDetector"
    },
    {
      "name": "StripeDetector"
    },
    {
      "name": "TelegramBotTokenDetector"
    },
    {
      "name": "TwilioKeyDetector"
    }
  ],
  "filters_used": [
    {
      "path": "detect_secrets.filters.allowlist.is_line_allowlisted"
    },
    {
      "path": "detect_secrets.filters.common.is_ignored_due_to_verification_policies",
      "min_level": 2
    },
    {
      "path": "detect_secrets.filters.heuristic.is_indirect_reference"
    },
    {
      "path": "detect_secrets.filters.heuristic.is_likely_id_string"
    },
    {
      "path": "detect_secrets.filters.heuristic.is_lock_file"
    },
    {
      "path": "detect_secrets.filters.heuristic.is_not_alphanumeric_string"
    },
    {
      "path": "detect_secrets.filters.heuristic.is_potential_uuid"
    },
    {
      "path": "detect_secrets.filters.heuristic.is_prefixed_with_dollar_sign"
    },
    {
      "path": "detect_secrets.filters.heuristic.is_sequential_string"
    },
    {
      "path": "detect_secrets.filters.heuristic.is_swagger_file"
    },
    {
      "path": "detect_secrets.filters.heuristic.is_templated_secret"
    },
    {
      "path": "detect_secrets.filters.regex.should_exclude_file",
      "pattern": [
        "node_modules/|/build/|target/|package-lock\\.json|\\.lock$"
      ]
    }
  ],
  "results": {
    "src/main/app/ios/Runner.xcodeproj/xcshareddata/xcschemes/Runner.xcscheme": [
      {
        "type": "Hex High Entropy String",
        "filename": "src/main/app/ios/Runner.xcodeproj/xcshareddata/xcschemes/Runner.xcscheme",
        "hashed_secret": "2b423f610b8fbcbec67aa344b423212b034d7a9d",
        "is_verified": false,
        "line_number": 17
      },
      {
        "type": "Hex High Entropy String",
        "filename": "src/main/app/ios/Runner.xcodeproj/xcshareddata/xcschemes/Runner.xcscheme",
        "hashed_secret": "1dafb929f50242c553cb0555c2ea755b85516e69",
        "is_verified": false,
        "line_number": 46
      }
    ],
    "src/main/app/lib/l10n/app_en.arb": [
      {
        "type": "Secret Keyword",
        "filename": "src/main/app/lib/l10n/app_en.arb",
        "hashed_secret": "0719708d1cc814839bd818fdc27d446652f03383",
        "is_verified": false,
        "line_number": 7
      },
      {
        "type": "Secret Keyword",
        "filename": "src/main/app/lib/l10n/app_en.arb",
        "hashed_secret": "3794271cb105a6e940b8a13ce916ce99f8ab18b2",
        "is_verified": false,
        "line_number": 14
      },
      {
        "type": "Secret Keyword",
        "filename": "src/main/app/lib/l10n/app_en.arb",
        "hashed_secret": "8e0c2f68198cc14ed88057c88564b3b0b84ab840",
        "is_verified": false,
        "line_number": 15
      },
      {
        "type": "Secret Keyword",
        "filename": "src/main/app/lib/l10n/app_en.arb",
        "hashed_secret": "fc577f211bd35093e4895b463caa53436fff1c96",
        "is_verified": false,
        "line_number": 65
      },
      {
        "type": "Secret Keyword",
        "filename": "src/main/app/lib/l10n/app_en.arb",
        "hashed_secret": "cc5213bdfc29aa15f1e530b9676b724be010f434",
        "is_verified": false,
        "line_number": 66
      },
      {
        "type": "Secret Keyword",
        "filename": "src/main/app/lib/l10n/app_en.arb",
        "hashed_secret": "478b138fb0ae8fce12f93f045bcca383eedc777d",
        "is_verified": false,
        "line_number": 67
      },
      {
        "type": "Secret Keyword",
        "filename": "src/main/app/lib/l10n/app_en.arb",
        "hashed_secret": "46b16b3d20636a91077a1e34c76b01cd6fc07547",
        "is_verified": false,
        "line_number": 68
      },
      {
        "type": "Secret Keyword",
        "filename": "src/main/app/lib/l10n/app_en.arb",
        "hashed_secret": "ac8579f409c20038756de0bb3ea981f0637d8acb",
        "is_verified": false,
        "line_number": 107
      },
      {
        "type": "Secret Keyword",
        "filename": "src/main/app/lib/l10n/app_en.arb",
        "hashed_secret": "a90e62ee803373c8381cc998db7895ffe928189e",
        "is_verified": false,
        "line_number": 111
      },
      {
        "type": "Secret Keyword",
        "filename": "src/main/app/lib/l10n/app_en.arb",
        "hashed_secret": "03ae0f4c0c6f67d7839065a9bab7d0bae1ec5c97",
        "is_verified": false,
        "line_number": 112
      },
      {
        "type": "Secret Keyword",
        "filename": "src/main/app/lib/l10n/app_en.arb",
        "hashed_secret": "49c64f468dd38410e128aaa8e6766b96ca50e5bc",
        "is_verified": false,
        "line_number": 113
      },
      {
        "type": "Secret Keyword",
        "filename": "src/main/app/lib/l10n/app_en.arb",
        "hashed_secret": "64b486e0ee66ad66c24b20b342b4ecfdb9481aab",
        "is_verified": false,
        "line_number": 116
      },
      {
        "type": "Secret Keyword",
        "filename": "src/main/app/lib/l10n/app_en.arb",
        "hashed_secret": "66fbb3ad9e50e93ceaba10061e8b4c1f0fcd74ca",
        "is_verified": false,
        "line_number": 153
      },
      {
        "type": "Secret Keyword",
        "filename": "src/main/app/lib/l10n/app_en.arb",
        "hashed_secret": "7e6e66b2a46b09f90848bd30625b702299851085",
        "is_verified": false,
        "line_number": 154
      },
      {
        "type": "Secret Keyword",
        "filename": "src/main/app/lib/l10n/app_en.arb",
        "hashed_secret": "a24f75c63a48219c05df0f39831e66aa1faa6189",
        "is_verified": false,
        "line_number": 177
      },
      {
        "type": "Secret Keyword",
        "filename": "src/main/app/lib/l10n/app_en.arb",
        "hashed_secret": "8f38be26e9cdf5afd1d969a58f3afbc2ad8245b0",
        "is_verified": false,
        "line_number": 178
      },
      {
        "type": "Secret Keyword",
        "filename": "src/main/app/lib/l10n/app_en.arb",
        "hashed_secret": "461dbc17296c88564dd3d2cfd6fbc532d246d5a1",
        "is_verified": false,
        "line_number": 179
      }
    ],
    "src/main/app/lib/l10n/app_localizations_en.dart": [
      {
        "type": "Secret Keyword",
        "filename": "src/main/app/lib/l10n/app_localizations_en.dart",
        "hashed_secret": "8be3c943b1609fffbfc51aad666d0a04adf83c9d",
        "is_verified": false,
        "line_number": 28
      },
      {
        "type": "Secret Keyword",
        "filename": "src/main/app/lib/l10n/app_localizations_en.dart",
        "hashed_secret": "366c2415f45eda358aa31b5d67c61f41a43a2bd0",
        "is_verified": false,
        "line_number": 51
      },
      {
        "type": "Secret Keyword",
        "filename": "src/main/app/lib/l10n/app_localizations_en.dart",
        "hashed_secret": "d69c3b1ac54be7da3666d9937b9c78e7c309d6e8",
        "is_verified": false,
        "line_number": 54
      },
      {
        "type": "Secret Keyword",
        "filename": "src/main/app/lib/l10n/app_localizations_en.dart",
        "hashed_secret": "8c684290ce0b8a8e6cee79a145e17554064a4760",
        "is_verified": false,
        "line_number": 235
      },
      {
        "type": "Secret Keyword",
        "filename": "src/main/app/lib/l10n/app_localizations_en.dart",
        "hashed_secret": "d850ee188c7c55b64bc3624534de5c5051a57dc6",
        "is_verified": false,
        "line_number": 238
      },
      {
        "type": "Secret Keyword",
        "filename": "src/main/app/lib/l10n/app_localizations_en.dart",
        "hashed_secret": "4a7c565d4c4430e3bb8fa6c560125d5eb37e7c3d",
        "is_verified": false,
        "line_number": 241
      },
      {
        "type": "Secret Keyword",
        "filename": "src/main/app/lib/l10n/app_localizations_en.dart",
        "hashed_secret": "1de6d0816c5442af7150d6038da5cf8c740eca21",
        "is_verified": false,
        "line_number": 244
      },
      {
        "type": "Secret Keyword",
        "filename": "src/main/app/lib/l10n/app_localizations_en.dart",
        "hashed_secret": "5c4bc97ee5d0ac344829dbcef02d7302feb098a8",
        "is_verified": false,
        "line_number": 386
      },
      {
        "type": "Secret Keyword",
        "filename": "src/main/app/lib/l10n/app_localizations_en.dart",
        "hashed_secret": "591d7d05f9b355f6cb1637138c82c3609c012429",
        "is_verified": false,
        "line_number": 398
      },
      {
        "type": "Secret Keyword",
        "filename": "src/main/app/lib/l10n/app_localizations_en.dart",
        "hashed_secret": "0c084a1b3e8fe6fde831a09617e47dadef314b42",
        "is_verified": false,
        "line_number": 401
      },
      {
        "type": "Secret Keyword",
        "filename": "src/main/app/lib/l10n/app_localizations_en.dart",
        "hashed_secret": "ca74bae9284faa691c766ce592c9ea316c8b9ffb",
        "is_verified": false,
        "line_number": 404
      },
      {
        "type": "Secret Keyword",
        "filename": "src/main/app/lib/l10n/app_localizations_en.dart",
        "hashed_secret": "a282071282fbce0fcbb535834dc192bc1727b075",
        "is_verified": false,
        "line_number": 413
      },
      {
        "type": "Secret Keyword",
        "filename": "src/main/app/lib/l10n/app_localizations_en.dart",
        "hashed_secret": "66fbb3ad9e50e93ceaba10061e8b4c1f0fcd74ca",
        "is_verified": false,
        "line_number": 556
      },
      {
        "type": "Secret Keyword",
        "filename": "src/main/app/lib/l10n/app_localizations_en.dart",
        "hashed_secret": "7e6e66b2a46b09f90848bd30625b702299851085",
        "is_verified": false,
        "line_number": 559
      },
      {
        "type": "Secret Keyword",
        "filename": "src/main/app/lib/l10n/app_localizations_en.dart",
        "hashed_secret": "a24f75c63a48219c05df0f39831e66aa1faa6189",
        "is_verified": false,
        "line_number": 600
      },
      {
        "type": "Secret Keyword",
        "filename": "src/main/app/lib/l10n/app_localizations_en.dart",
        "hashed_secret": "8f38be26e9cdf5afd1d969a58f3afbc2ad8245b0",
        "is_verified": false,
        "line_number": 603
      },
      {
        "type": "Secret Keyword",
        "filename": "src/main/app/lib/l10n/app_localizations_en.dart",
        "hashed_secret": "461dbc17296c88564dd3d2cfd6fbc532d246d5a1",
        "is_verified": false,
        "line_number": 606
      }
    ],
    "src/main/app/macos/Runner.xcodeproj/xcshareddata/xcschemes/Runner.xcscheme": [
      {
        "type": "Hex High Entropy String",
        "filename": "src/main/app/macos/Runner.xcodeproj/xcshareddata/xcschemes/Runner.xcscheme",
        "hashed_secret": "6d752e6f6971f2eb8bed637eef89a39eca0b638b",
        "is_verified": false,
        "line_number": 45
      }
    ],
    "src/main/app/test/login_register/login_form_test.dart": [
      {
        "type": "Secret Keyword",
        "filename": "src/main/app/test/login_register/login_form_test.dart",
        "hashed_secret": "d8c64feb1ce4fab46b6e0983217f3d4bcdea6257",
        "is_verified": false,
        "line_number": 48
      },
      {
        "type": "Secret Keyword",
        "filename": "src/main/app/test/login_register/login_form_test.dart",
        "hashed_secret": "99d94f8e1b9db295ae79b99083e98907e31d6e62",
        "is_verified": false,
        "line_number": 69
      }
    ],
    "src/main/java/com/github/lamarios/newsku/services/OpenaiServiceImpl.java": [
      {
        "type": "Secret Keyword",
        "filename": "src/main/java/com/github/lamarios/newsku/services/OpenaiServiceImpl.java",
        "hashed_secret": "8ed4322e8e2790b8c928d381ce8d07cfd966e909",
        "is_verified": false,
        "line_number": 522
      }
    ],
    "src/main/resources/application.yml": [
      {
        "type": "Secret Keyword",
        "filename": "src/main/resources/application.yml",
        "hashed_secret": "43f7cbf139f31e89209406fd8f1942033bd47aec",
        "is_verified": false,
        "line_number": 12
      }
    ]
  },
  "generated_at": "2026-08-26T14:30:52Z"
}
